###############################################################################
#
# IAR ELF Linker V8.50.9.278/W32 for ARM                  02/Feb/2021  10:31:27
# Copyright 2007-2020 IAR Systems AB.
#
#    Output file  =
#        C:\Users\Johan\OneDrive\Skrivbord\Projekt
#        OS\Debug\Exe\Gr22ProjectOS.out
#    Map file     =
#        C:\Users\Johan\OneDrive\Skrivbord\Projekt
#        OS\Debug\List\Gr22ProjectOS.map
#    Command line =
#        -f C:\Users\Johan\AppData\Local\Temp\EWF45B.tmp
#        ("C:\Users\Johan\OneDrive\Skrivbord\Projekt
#        OS\Debug\Obj\context_switching_functions_march_2019.o"
#        "C:\Users\Johan\OneDrive\Skrivbord\Projekt OS\Debug\Obj\cstartup.o"
#        "C:\Users\Johan\OneDrive\Skrivbord\Projekt OS\Debug\Obj\exceptions.o"
#        "C:\Users\Johan\OneDrive\Skrivbord\Projekt OS\Debug\Obj\main.o"
#        "C:\Users\Johan\OneDrive\Skrivbord\Projekt
#        OS\Debug\Obj\startup_sam3x.o"
#        "C:\Users\Johan\OneDrive\Skrivbord\Projekt
#        OS\Debug\Obj\system_sam3x.o" --no_out_extension -o
#        "C:\Users\Johan\OneDrive\Skrivbord\Projekt
#        OS\Debug\Exe\Gr22ProjectOS.out" --redirect _Printf=_PrintfFullNoMb
#        --redirect _Scanf=_ScanfFullNoMb --map
#        "C:\Users\Johan\OneDrive\Skrivbord\Projekt
#        OS\Debug\List\Gr22ProjectOS.map" --config
#        "C:\Users\Johan\OneDrive\Skrivbord\Projekt OS\sam3x8-sram_BigHeap.icf"
#        --semihosting --entry __iar_program_start --vfe --text_out locale)
#
###############################################################################

*******************************************************************************
*** RUNTIME MODEL ATTRIBUTES
***

CppFlavor       = *
__Heap_Handler  = Basic
__SystemLibrary = DLib
__dlib_version  = 6


*******************************************************************************
*** HEAP SELECTION
***

The basic heap was selected because some modules are built with
size limitations (and not runtime checking), and --advanced_heap
was not specified.


*******************************************************************************
*** PLACEMENT SUMMARY
***

"A0":  place at address 0x2007'0000 { ro section .intvec };
"P1":  place in [from 0x2007'0000 to 0x2008'7fff] { ro };
define block CSTACK with size = 2K, alignment = 8 { };
define block HEAP with size = 8K, alignment = 8 { };
"P2":  place in [from 0x2007'0000 to 0x2008'7fff] {
          rw, block CSTACK, block HEAP };
initialize by copy with packing = copy, complex ranges { rw };

  Section            Kind         Address    Size  Object
  -------            ----         -------    ----  ------
"A0":                                        0xf4
  .intvec                     0x2007'0000    0xf4  <Block>
    .intvec          const    0x2007'0000    0xf4  startup_sam3x.o [1]
                            - 0x2007'00f4    0xf4

"P1-P2", part 1 of 2:                       0x8dc
  .text              ro code  0x2007'00f4   0x378  main.o [1]
  .text              ro code  0x2007'046c   0x1c8  context_switching_functions_march_2019.o [1]
  .text              ro code  0x2007'0634   0x144  heap0.o [2]
  .text              ro code  0x2007'0778    0xa0  system_sam3x.o [1]
  .text              ro code  0x2007'0818    0x2c  xgetmemchunk.o [2]
  .text              ro code  0x2007'0844    0x12  xxmemxmemzero.o [2]
  .text              ro code  0x2007'0856    0x2e  copy_init3.o [3]
  .text              ro code  0x2007'0884    0x30  startup_sam3x.o [1]
  .text              ro code  0x2007'08b4     0xc  cstartup.o [1]
  .text              ro code  0x2007'08c0    0x1e  cmain.o [3]
  .text              ro code  0x2007'08de     0x2  exceptions.o [1]
  .text              ro code  0x2007'08e0    0x28  data_init.o [3]
  .text              ro code  0x2007'0908     0x4  exit.o [2]
  .text              ro code  0x2007'090c     0xa  cexit.o [3]
  .text              ro code  0x2007'0918    0x14  exit.o [4]
  .iar.init_table    const    0x2007'092c    0x14  - Linker created -
  .rodata            const    0x2007'0940     0x0  copy_init3.o [3]
  P1-P2 s0                    0x2007'0940    0x48  <Init block>
    .bss             inited   0x2007'0940     0x8  heap0.o [2]
    .data            inited   0x2007'0948     0x4  main.o [1]
    .data            inited   0x2007'094c     0x4  main.o [1]
    .data            inited   0x2007'0950     0x4  main.o [1]
    .data            inited   0x2007'0954     0x4  main.o [1]
    .data            inited   0x2007'0958     0x4  system_sam3x.o [1]
    .bss             inited   0x2007'095c     0x4  main.o [1]
    .bss             inited   0x2007'0960     0x4  main.o [1]
    .bss             inited   0x2007'0964     0x4  main.o [1]
    .bss             inited   0x2007'0968     0x4  main.o [1]
    .bss             inited   0x2007'096c     0x4  main.o [1]
    .bss             inited   0x2007'0970     0x4  main.o [1]
    .bss             inited   0x2007'0974     0x4  main.o [1]
    .bss             inited   0x2007'0978     0x4  main.o [1]
    .bss             inited   0x2007'097c     0x4  main.o [1]
    .bss             inited   0x2007'0980     0x4  main.o [1]
    .bss             inited   0x2007'0984     0x4  xgetmemchunk.o [2]
  Initializer bytes  const    0x2007'0988    0x48  <for P1-P2 s0>
                            - 0x2007'09d0   0x8dc

"P1-P2", part 2 of 2:                      0x2800
  CSTACK                      0x2007'09d0   0x800  <Block>
    CSTACK           uninit   0x2007'09d0   0x800  <Block tail>
  HEAP                        0x2007'11d0  0x2000  <Block>
    HEAP             uninit   0x2007'11d0  0x2000  <Block tail>
                            - 0x2007'31d0  0x2800

Unused ranges:

         From           To      Size
         ----           --      ----
  0x2007'31d0  0x2008'7fff  0x1'4e30


*******************************************************************************
*** INIT TABLE
***

          Address      Size
          -------      ----
Copy (__iar_copy_init3)
    1 source range, total size 0x48:
          0x2007'0988  0x48
    1 destination range, total size 0x48:
          0x2007'0940  0x48



*******************************************************************************
*** MODULE SUMMARY
***

    Module                                    ro code  ro data  rw data
    ------                                    -------  -------  -------
command line/config:
    -------------------------------------------------------------------
    Total:

C:\Users\Johan\OneDrive\Skrivbord\Projekt OS\Debug\Obj: [1]
    context_switching_functions_march_2019.o      456
    cstartup.o                                     12
    exceptions.o                                    2
    main.o                                        888       56       56
    startup_sam3x.o                                48      244
    system_sam3x.o                                160        4        4
    -------------------------------------------------------------------
    Total:                                      1'566      304       60

dl7M_tln.a: [2]
    exit.o                                          4
    heap0.o                                       324        8        8
    xgetmemchunk.o                                 44        4        4
    xxmemxmemzero.o                                18
    -------------------------------------------------------------------
    Total:                                        390       12       12

rt7M_tl.a: [3]
    cexit.o                                        10
    cmain.o                                        30
    copy_init3.o                                   46
    data_init.o                                    40
    -------------------------------------------------------------------
    Total:                                        126

shb_l.a: [4]
    exit.o                                         20
    -------------------------------------------------------------------
    Total:                                         20

    Gaps                                            2
    Linker created                                          20   10'240
-----------------------------------------------------------------------
    Grand Total:                                2'104      336   10'312


*******************************************************************************
*** ENTRY LIST
***

Entry                       Address   Size  Type      Object
-----                       -------   ----  ----      ------
.iar.init_table$$Base   0x2007'092c          --   Gb  - Linker created -
.iar.init_table$$Limit  0x2007'0940          --   Gb  - Linker created -
.intvec$$Base           0x2007'0000          --   Gb  - Linker created -
.intvec$$Limit          0x2007'00f4          --   Gb  - Linker created -
?main                   0x2007'08c1         Code  Gb  cmain.o [3]
ADC_Handler             0x2007'08df    0x2  Code  Wk  exceptions.o [1]
Aldata                  0x2007'0940    0x8  Data  Lc  heap0.o [2]
BusFault_Handler        0x2007'08df    0x2  Code  Wk  exceptions.o [1]
CAN0_Handler            0x2007'08df    0x2  Code  Wk  exceptions.o [1]
CAN1_Handler            0x2007'08df    0x2  Code  Wk  exceptions.o [1]
CSTACK$$Base            0x2007'09d0          --   Gb  - Linker created -
CSTACK$$Limit           0x2007'11d0          --   Gb  - Linker created -
DACC_Handler            0x2007'08df    0x2  Code  Wk  exceptions.o [1]
DMAC_Handler            0x2007'08df    0x2  Code  Wk  exceptions.o [1]
DebugMon_Handler        0x2007'08df    0x2  Code  Wk  exceptions.o [1]
Dummy_Handler           0x2007'08df    0x2  Code  Gb  exceptions.o [1]
EFC0_Handler            0x2007'08df    0x2  Code  Wk  exceptions.o [1]
EFC1_Handler            0x2007'08df    0x2  Code  Wk  exceptions.o [1]
HEAP$$Base              0x2007'11d0          --   Gb  - Linker created -
HEAP$$Limit             0x2007'31d0          --   Gb  - Linker created -
HSMCI_Handler           0x2007'08df    0x2  Code  Wk  exceptions.o [1]
HardFault_Handler       0x2007'08df    0x2  Code  Wk  exceptions.o [1]
LoadContext_In_Run      0x2007'0595         Code  Gb  context_switching_functions_march_2019.o [1]
LoadContext_In_Terminate
                        0x2007'0587         Code  Gb  context_switching_functions_march_2019.o [1]
MemManage_Handler       0x2007'08df    0x2  Code  Wk  exceptions.o [1]
NMI_Handler             0x2007'08df    0x2  Code  Wk  exceptions.o [1]
NVIC_SetPriority        0x2007'00f5   0x28  Code  Lc  main.o [1]
NextTask                0x2007'0221    0x2  Code  Gb  main.o [1]
PIOA_Handler            0x2007'08df    0x2  Code  Wk  exceptions.o [1]
PIOB_Handler            0x2007'08df    0x2  Code  Wk  exceptions.o [1]
PIOC_Handler            0x2007'08df    0x2  Code  Wk  exceptions.o [1]
PIOD_Handler            0x2007'08df    0x2  Code  Wk  exceptions.o [1]
PMC_Handler             0x2007'08df    0x2  Code  Wk  exceptions.o [1]
PWM_Handler             0x2007'08df    0x2  Code  Wk  exceptions.o [1]
PendSV_Handler          0x2007'08df    0x2  Code  Wk  exceptions.o [1]
PreviousTask            0x2007'021f    0x2  Code  Gb  main.o [1]
RSTC_Handler            0x2007'08df    0x2  Code  Wk  exceptions.o [1]
RTC_Handler             0x2007'08df    0x2  Code  Wk  exceptions.o [1]
RTT_Handler             0x2007'08df    0x2  Code  Wk  exceptions.o [1]
ReadyList               0x2007'096c    0x4  Data  Gb  main.o [1]
Region$$Table$$Base     0x2007'092c          --   Gb  - Linker created -
Region$$Table$$Limit    0x2007'0940          --   Gb  - Linker created -
Reset_Handler           0x2007'08ad    0x8  Code  Gb  startup_sam3x.o [1]
SPI0_Handler            0x2007'08df    0x2  Code  Wk  exceptions.o [1]
SSC_Handler             0x2007'08df    0x2  Code  Wk  exceptions.o [1]
SUPC_Handler            0x2007'08df    0x2  Code  Wk  exceptions.o [1]
SVC_Handler             0x2007'04bd         Code  Gb  context_switching_functions_march_2019.o [1]
SwitchContext           0x2007'0579         Code  Gb  context_switching_functions_march_2019.o [1]
SysTick_Config          0x2007'011d   0x36  Code  Lc  main.o [1]
SysTick_Handler         0x2007'046d         Code  Gb  context_switching_functions_march_2019.o [1]
SystemCoreClock         0x2007'0958    0x4  Data  Gb  system_sam3x.o [1]
SystemInit              0x2007'0779   0x70  Code  Gb  system_sam3x.o [1]
TC0_Handler             0x2007'08df    0x2  Code  Wk  exceptions.o [1]
TC1_Handler             0x2007'08df    0x2  Code  Wk  exceptions.o [1]
TC2_Handler             0x2007'08df    0x2  Code  Wk  exceptions.o [1]
TC3_Handler             0x2007'08df    0x2  Code  Wk  exceptions.o [1]
TC4_Handler             0x2007'08df    0x2  Code  Wk  exceptions.o [1]
TC5_Handler             0x2007'08df    0x2  Code  Wk  exceptions.o [1]
TRNG_Handler            0x2007'08df    0x2  Code  Wk  exceptions.o [1]
TWI0_Handler            0x2007'08df    0x2  Code  Wk  exceptions.o [1]
TWI1_Handler            0x2007'08df    0x2  Code  Wk  exceptions.o [1]
TimerInt                0x2007'0223    0xa  Code  Gb  main.o [1]
TimerList               0x2007'0968    0x4  Data  Gb  main.o [1]
UART_Handler            0x2007'08df    0x2  Code  Wk  exceptions.o [1]
UOTGHS_Handler          0x2007'08df    0x2  Code  Wk  exceptions.o [1]
USART0_Handler          0x2007'08df    0x2  Code  Wk  exceptions.o [1]
USART1_Handler          0x2007'08df    0x2  Code  Wk  exceptions.o [1]
USART2_Handler          0x2007'08df    0x2  Code  Wk  exceptions.o [1]
UsageFault_Handler      0x2007'08df    0x2  Code  Wk  exceptions.o [1]
WDT_Handler             0x2007'08df    0x2  Code  Wk  exceptions.o [1]
WaitingList             0x2007'0970    0x4  Data  Gb  main.o [1]
__basic_calloc          0x2007'073d   0x36  Code  Gb  heap0.o [2]
__basic_free_intern     0x2007'06c9   0x74  Code  Lc  heap0.o [2]
__basic_malloc_intern   0x2007'0635   0x94  Code  Lc  heap0.o [2]
__cmain                 0x2007'08c1         Code  Gb  cmain.o [3]
__data_GetMemChunk      0x2007'0819   0x2c  Code  Gb  xgetmemchunk.o [2]
__data_GetMemChunk::start
                        0x2007'0984    0x4  Data  Lc  xgetmemchunk.o [2]
__data_memzero          0x2007'0845   0x12  Code  Gb  xxmemxmemzero.o [2]
__exit                  0x2007'0919   0x14  Code  Gb  exit.o [4]
__iar_copy_init3        0x2007'0857   0x2e  Code  Gb  copy_init3.o [3]
__iar_data_init3        0x2007'08e1   0x28  Code  Gb  data_init.o [3]
__iar_program_start     0x2007'08b5         Code  Gb  cstartup.o [1]
__low_level_init        0x2007'0885   0x20  Code  Gb  startup_sam3x.o [1]
__region_NFC_RAM_end__ {Abs}
                        0x2010'0fff         Data  Gb  <internal module>
__region_NFC_RAM_start__ {Abs}
                        0x2010'0000         Data  Gb  <internal module>
__region_RAM0_end__ {Abs}
                        0x2000'ffff         Data  Gb  <internal module>
__region_RAM0_size__ {Abs}
                           0x1'0000         Data  Gb  <internal module>
__region_RAM0_start__ {Abs}
                        0x2000'0000         Data  Gb  <internal module>
__region_RAM1_end__ {Abs}
                        0x2008'7fff         Data  Gb  <internal module>
__region_RAM1_size__ {Abs}
                             0x8000         Data  Gb  <internal module>
__region_RAM1_start__ {Abs}
                        0x2008'0000         Data  Gb  <internal module>
__region_RAM_end__ {Abs}
                        0x2008'7fff         Data  Gb  <internal module>
__region_RAM_size__ {Abs}
                           0x1'8000         Data  Gb  <internal module>
__region_RAM_start__ {Abs}
                        0x2007'0000         Data  Gb  <internal module>
__vector_table          0x2007'0000   0xf4  Data  Gb  startup_sam3x.o [1]
_call_main              0x2007'08cd         Code  Gb  cmain.o [3]
_exit                   0x2007'090d         Code  Gb  cexit.o [3]
_main                   0x2007'08d7         Code  Gb  cmain.o [3]
allocSafe               0x2007'0153   0x28  Code  Gb  main.o [1]
count                   0x2007'095c    0x4  Data  Gb  main.o [1]
create_task             0x2007'01db   0x40  Code  Gb  main.o [1]
create_task_list        0x2007'0233   0x12  Code  Gb  main.o [1]
exit                    0x2007'0909    0x4  Code  Gb  exit.o [2]
g0                      0x2007'0974    0x4  Data  Gb  main.o [1]
g1                      0x2007'0978    0x4  Data  Gb  main.o [1]
g2                      0x2007'097c    0x4  Data  Gb  main.o [1]
g3                      0x2007'0948    0x4  Data  Gb  main.o [1]
high_deadline           0x2007'0950    0x4  Data  Gb  main.o [1]
idleTask                0x2007'01d9    0x2  Code  Gb  main.o [1]
init_kernel             0x2007'017b   0x5c  Code  Gb  main.o [1]
isr_off                 0x2007'0617         Code  Gb  context_switching_functions_march_2019.o [1]
isr_on                  0x2007'060d         Code  Gb  context_switching_functions_march_2019.o [1]
kernelMode              0x2007'0964    0x4  Data  Gb  main.o [1]
low_deadline            0x2007'094c    0x4  Data  Gb  main.o [1]
main                    0x2007'02cd  0x13e  Code  Gb  main.o [1]
memCounter              0x2007'0960    0x4  Data  Gb  main.o [1]
run                     0x2007'021d    0x2  Code  Gb  main.o [1]
set_ticks               0x2007'022d    0x6  Code  Gb  main.o [1]
switch_to_stack_of_next_task
                        0x2007'05f9         Code  Gb  context_switching_functions_march_2019.o [1]
task_body_1             0x2007'0245    0x8  Code  Gb  main.o [1]
task_body_2             0x2007'024d   0x74  Code  Gb  main.o [1]
task_body_2::count_recursive_calls
                        0x2007'0980    0x4  Data  Lc  main.o [1]
task_body_2::recursion_depth_left
                        0x2007'0954    0x4  Data  Lc  main.o [1]
task_body_3             0x2007'02c1    0xc  Code  Gb  main.o [1]
terminate               0x2007'021b    0x2  Code  Gb  main.o [1]


[1] = C:\Users\Johan\OneDrive\Skrivbord\Projekt OS\Debug\Obj
[2] = dl7M_tln.a
[3] = rt7M_tl.a
[4] = shb_l.a

   2'104 bytes of readonly  code memory
     336 bytes of readonly  data memory
  10'312 bytes of readwrite data memory

Errors: none
Warnings: none
