###############################################################################
#
# IAR ELF Linker V8.50.9.278/W32 for ARM                  03/Feb/2021  14:09:59
# Copyright 2007-2020 IAR Systems AB.
#
#    Output file  =
#        C:\Users\Johan\OneDrive\Skrivbord\Projekt
#        OS\Debug\Exe\Gr22ProjectOS.out
#    Map file     =
#        C:\Users\Johan\OneDrive\Skrivbord\Projekt
#        OS\Debug\List\Gr22ProjectOS.map
#    Command line =
#        -f C:\Users\Johan\AppData\Local\Temp\EW61A5.tmp
#        ("C:\Users\Johan\OneDrive\Skrivbord\Projekt
#        OS\Debug\Obj\context_switching_functions_march_2019.o"
#        "C:\Users\Johan\OneDrive\Skrivbord\Projekt OS\Debug\Obj\cstartup.o"
#        "C:\Users\Johan\OneDrive\Skrivbord\Projekt OS\Debug\Obj\exceptions.o"
#        "C:\Users\Johan\OneDrive\Skrivbord\Projekt OS\Debug\Obj\main.o"
#        "C:\Users\Johan\OneDrive\Skrivbord\Projekt
#        OS\Debug\Obj\startup_sam3x.o"
#        "C:\Users\Johan\OneDrive\Skrivbord\Projekt
#        OS\Debug\Obj\system_sam3x.o" --no_out_extension -o
#        "C:\Users\Johan\OneDrive\Skrivbord\Projekt
#        OS\Debug\Exe\Gr22ProjectOS.out" --redirect _Printf=_PrintfFullNoMb
#        --redirect _Scanf=_ScanfFullNoMb --map
#        "C:\Users\Johan\OneDrive\Skrivbord\Projekt
#        OS\Debug\List\Gr22ProjectOS.map" --config
#        "C:\Users\Johan\OneDrive\Skrivbord\Projekt OS\sam3x8-sram_BigHeap.icf"
#        --semihosting --entry __iar_program_start --vfe --text_out locale)
#
###############################################################################

*******************************************************************************
*** RUNTIME MODEL ATTRIBUTES
***

CppFlavor       = *
__Heap_Handler  = Basic
__SystemLibrary = DLib
__dlib_version  = 6


*******************************************************************************
*** HEAP SELECTION
***

The basic heap was selected because some modules are built with
size limitations (and not runtime checking), and --advanced_heap
was not specified.


*******************************************************************************
*** PLACEMENT SUMMARY
***

"A0":  place at address 0x2007'0000 { ro section .intvec };
"P1":  place in [from 0x2007'0000 to 0x2008'7fff] { ro };
define block CSTACK with size = 2K, alignment = 8 { };
define block HEAP with size = 8K, alignment = 8 { };
"P2":  place in [from 0x2007'0000 to 0x2008'7fff] {
          rw, block CSTACK, block HEAP };
initialize by copy with packing = copy, complex ranges { rw };

  Section            Kind         Address    Size  Object
  -------            ----         -------    ----  ------
"A0":                                        0xf4
  .intvec                     0x2007'0000    0xf4  <Block>
    .intvec          const    0x2007'0000    0xf4  startup_sam3x.o [1]
                            - 0x2007'00f4    0xf4

"P1-P2", part 1 of 2:                       0xad0
  .text              ro code  0x2007'00f4   0x544  main.o [1]
  .text              ro code  0x2007'0638   0x1c8  context_switching_functions_march_2019.o [1]
  .text              ro code  0x2007'0800   0x158  heap0.o [2]
  .text              ro code  0x2007'0958     0x4  heaptramp0.o [2]
  .text              ro code  0x2007'095c    0xa0  system_sam3x.o [1]
  .text              ro code  0x2007'09fc    0x2c  xgetmemchunk.o [2]
  .text              ro code  0x2007'0a28    0x12  xxmemxmemzero.o [2]
  .text              ro code  0x2007'0a3a    0x2e  copy_init3.o [3]
  .text              ro code  0x2007'0a68    0x30  startup_sam3x.o [1]
  .text              ro code  0x2007'0a98     0xc  cstartup.o [1]
  .text              ro code  0x2007'0aa4    0x1e  cmain.o [3]
  .text              ro code  0x2007'0ac2     0x2  exceptions.o [1]
  .text              ro code  0x2007'0ac4    0x28  data_init.o [3]
  .text              ro code  0x2007'0aec     0x4  exit.o [2]
  .text              ro code  0x2007'0af0     0xa  cexit.o [3]
  .text              ro code  0x2007'0afc    0x14  exit.o [4]
  .iar.init_table    const    0x2007'0b10    0x14  - Linker created -
  .rodata            const    0x2007'0b24     0x0  copy_init3.o [3]
  P1-P2 s0                    0x2007'0b24    0x50  <Init block>
    .bss             inited   0x2007'0b24     0x8  heap0.o [2]
    .data            inited   0x2007'0b2c     0x4  main.o [1]
    .data            inited   0x2007'0b30     0x4  main.o [1]
    .data            inited   0x2007'0b34     0x4  main.o [1]
    .data            inited   0x2007'0b38     0x4  main.o [1]
    .data            inited   0x2007'0b3c     0x4  system_sam3x.o [1]
    .bss             inited   0x2007'0b40     0x4  main.o [1]
    .bss             inited   0x2007'0b44     0x4  main.o [1]
    .bss             inited   0x2007'0b48     0x4  main.o [1]
    .bss             inited   0x2007'0b4c     0x4  main.o [1]
    .bss             inited   0x2007'0b50     0x4  main.o [1]
    .bss             inited   0x2007'0b54     0x4  main.o [1]
    .bss             inited   0x2007'0b58     0x4  main.o [1]
    .bss             inited   0x2007'0b5c     0x4  main.o [1]
    .bss             inited   0x2007'0b60     0x4  main.o [1]
    .bss             inited   0x2007'0b64     0x4  main.o [1]
    .bss             inited   0x2007'0b68     0x4  main.o [1]
    .bss             inited   0x2007'0b6c     0x4  main.o [1]
    .bss             inited   0x2007'0b70     0x4  xgetmemchunk.o [2]
  Initializer bytes  const    0x2007'0b74    0x50  <for P1-P2 s0>
                            - 0x2007'0bc4   0xad0

"P1-P2", part 2 of 2:                      0x2800
  CSTACK                      0x2007'0bc8   0x800  <Block>
    CSTACK           uninit   0x2007'0bc8   0x800  <Block tail>
  HEAP                        0x2007'13c8  0x2000  <Block>
    HEAP             uninit   0x2007'13c8  0x2000  <Block tail>
                            - 0x2007'33c8  0x2800

Unused ranges:

         From           To      Size
         ----           --      ----
  0x2007'0bc4  0x2007'0bc7       0x4
  0x2007'33c8  0x2008'7fff  0x1'4c38


*******************************************************************************
*** INIT TABLE
***

          Address      Size
          -------      ----
Copy (__iar_copy_init3)
    1 source range, total size 0x50:
          0x2007'0b74  0x50
    1 destination range, total size 0x50:
          0x2007'0b24  0x50



*******************************************************************************
*** MODULE SUMMARY
***

    Module                                    ro code  ro data  rw data
    ------                                    -------  -------  -------
command line/config:
    -------------------------------------------------------------------
    Total:

C:\Users\Johan\OneDrive\Skrivbord\Projekt OS\Debug\Obj: [1]
    context_switching_functions_march_2019.o      456
    cstartup.o                                     12
    exceptions.o                                    2
    main.o                                      1'348       64       64
    startup_sam3x.o                                48      244
    system_sam3x.o                                160        4        4
    -------------------------------------------------------------------
    Total:                                      2'026      312       68

dl7M_tln.a: [2]
    exit.o                                          4
    heap0.o                                       344        8        8
    heaptramp0.o                                    4
    xgetmemchunk.o                                 44        4        4
    xxmemxmemzero.o                                18
    -------------------------------------------------------------------
    Total:                                        414       12       12

rt7M_tl.a: [3]
    cexit.o                                        10
    cmain.o                                        30
    copy_init3.o                                   46
    data_init.o                                    40
    -------------------------------------------------------------------
    Total:                                        126

shb_l.a: [4]
    exit.o                                         20
    -------------------------------------------------------------------
    Total:                                         20

    Gaps                                            2
    Linker created                                          20   10'240
-----------------------------------------------------------------------
    Grand Total:                                2'588      344   10'320


*******************************************************************************
*** ENTRY LIST
***

Entry                       Address   Size  Type      Object
-----                       -------   ----  ----      ------
.iar.init_table$$Base   0x2007'0b10          --   Gb  - Linker created -
.iar.init_table$$Limit  0x2007'0b24          --   Gb  - Linker created -
.intvec$$Base           0x2007'0000          --   Gb  - Linker created -
.intvec$$Limit          0x2007'00f4          --   Gb  - Linker created -
?main                   0x2007'0aa5         Code  Gb  cmain.o [3]
ADC_Handler             0x2007'0ac3    0x2  Code  Wk  exceptions.o [1]
Aldata                  0x2007'0b24    0x8  Data  Lc  heap0.o [2]
BusFault_Handler        0x2007'0ac3    0x2  Code  Wk  exceptions.o [1]
CAN0_Handler            0x2007'0ac3    0x2  Code  Wk  exceptions.o [1]
CAN1_Handler            0x2007'0ac3    0x2  Code  Wk  exceptions.o [1]
CSTACK$$Base            0x2007'0bc8          --   Gb  - Linker created -
CSTACK$$Limit           0x2007'13c8          --   Gb  - Linker created -
DACC_Handler            0x2007'0ac3    0x2  Code  Wk  exceptions.o [1]
DMAC_Handler            0x2007'0ac3    0x2  Code  Wk  exceptions.o [1]
DebugMon_Handler        0x2007'0ac3    0x2  Code  Wk  exceptions.o [1]
Dummy_Handler           0x2007'0ac3    0x2  Code  Gb  exceptions.o [1]
EFC0_Handler            0x2007'0ac3    0x2  Code  Wk  exceptions.o [1]
EFC1_Handler            0x2007'0ac3    0x2  Code  Wk  exceptions.o [1]
HEAP$$Base              0x2007'13c8          --   Gb  - Linker created -
HEAP$$Limit             0x2007'33c8          --   Gb  - Linker created -
HSMCI_Handler           0x2007'0ac3    0x2  Code  Wk  exceptions.o [1]
HardFault_Handler       0x2007'0ac3    0x2  Code  Wk  exceptions.o [1]
LoadContext_In_Run      0x2007'0761         Code  Gb  context_switching_functions_march_2019.o [1]
LoadContext_In_Terminate
                        0x2007'0753         Code  Gb  context_switching_functions_march_2019.o [1]
MemManage_Handler       0x2007'0ac3    0x2  Code  Wk  exceptions.o [1]
NMI_Handler             0x2007'0ac3    0x2  Code  Wk  exceptions.o [1]
NVIC_SetPriority        0x2007'00f5   0x28  Code  Lc  main.o [1]
NextTask                0x2007'0b50    0x4  Data  Gb  main.o [1]
PIOA_Handler            0x2007'0ac3    0x2  Code  Wk  exceptions.o [1]
PIOB_Handler            0x2007'0ac3    0x2  Code  Wk  exceptions.o [1]
PIOC_Handler            0x2007'0ac3    0x2  Code  Wk  exceptions.o [1]
PIOD_Handler            0x2007'0ac3    0x2  Code  Wk  exceptions.o [1]
PMC_Handler             0x2007'0ac3    0x2  Code  Wk  exceptions.o [1]
PWM_Handler             0x2007'0ac3    0x2  Code  Wk  exceptions.o [1]
PendSV_Handler          0x2007'0ac3    0x2  Code  Wk  exceptions.o [1]
PreviousTask            0x2007'0b4c    0x4  Data  Gb  main.o [1]
RSTC_Handler            0x2007'0ac3    0x2  Code  Wk  exceptions.o [1]
RTC_Handler             0x2007'0ac3    0x2  Code  Wk  exceptions.o [1]
RTT_Handler             0x2007'0ac3    0x2  Code  Wk  exceptions.o [1]
ReadyList               0x2007'0b58    0x4  Data  Gb  main.o [1]
Region$$Table$$Base     0x2007'0b10          --   Gb  - Linker created -
Region$$Table$$Limit    0x2007'0b24          --   Gb  - Linker created -
Reset_Handler           0x2007'0a91    0x8  Code  Gb  startup_sam3x.o [1]
SPI0_Handler            0x2007'0ac3    0x2  Code  Wk  exceptions.o [1]
SSC_Handler             0x2007'0ac3    0x2  Code  Wk  exceptions.o [1]
SUPC_Handler            0x2007'0ac3    0x2  Code  Wk  exceptions.o [1]
SVC_Handler             0x2007'0689         Code  Gb  context_switching_functions_march_2019.o [1]
SwitchContext           0x2007'0745         Code  Gb  context_switching_functions_march_2019.o [1]
SysTick_Config          0x2007'011d   0x36  Code  Lc  main.o [1]
SysTick_Handler         0x2007'0639         Code  Gb  context_switching_functions_march_2019.o [1]
SystemCoreClock         0x2007'0b3c    0x4  Data  Gb  system_sam3x.o [1]
SystemInit              0x2007'095d   0x70  Code  Gb  system_sam3x.o [1]
TC0_Handler             0x2007'0ac3    0x2  Code  Wk  exceptions.o [1]
TC1_Handler             0x2007'0ac3    0x2  Code  Wk  exceptions.o [1]
TC2_Handler             0x2007'0ac3    0x2  Code  Wk  exceptions.o [1]
TC3_Handler             0x2007'0ac3    0x2  Code  Wk  exceptions.o [1]
TC4_Handler             0x2007'0ac3    0x2  Code  Wk  exceptions.o [1]
TC5_Handler             0x2007'0ac3    0x2  Code  Wk  exceptions.o [1]
TRNG_Handler            0x2007'0ac3    0x2  Code  Wk  exceptions.o [1]
TWI0_Handler            0x2007'0ac3    0x2  Code  Wk  exceptions.o [1]
TWI1_Handler            0x2007'0ac3    0x2  Code  Wk  exceptions.o [1]
TimerInt                0x2007'02cb    0xc  Code  Gb  main.o [1]
TimerList               0x2007'0b54    0x4  Data  Gb  main.o [1]
UART_Handler            0x2007'0ac3    0x2  Code  Wk  exceptions.o [1]
UOTGHS_Handler          0x2007'0ac3    0x2  Code  Wk  exceptions.o [1]
USART0_Handler          0x2007'0ac3    0x2  Code  Wk  exceptions.o [1]
USART1_Handler          0x2007'0ac3    0x2  Code  Wk  exceptions.o [1]
USART2_Handler          0x2007'0ac3    0x2  Code  Wk  exceptions.o [1]
UsageFault_Handler      0x2007'0ac3    0x2  Code  Wk  exceptions.o [1]
WDT_Handler             0x2007'0ac3    0x2  Code  Wk  exceptions.o [1]
WaitingList             0x2007'0b5c    0x4  Data  Gb  main.o [1]
__basic_calloc          0x2007'091f   0x36  Code  Gb  heap0.o [2]
__basic_free            0x2007'0895   0x16  Code  Gb  heap0.o [2]
__basic_free_intern     0x2007'08ab   0x74  Code  Lc  heap0.o [2]
__basic_malloc_intern   0x2007'0801   0x94  Code  Lc  heap0.o [2]
__cmain                 0x2007'0aa5         Code  Gb  cmain.o [3]
__data_GetMemChunk      0x2007'09fd   0x2c  Code  Gb  xgetmemchunk.o [2]
__data_GetMemChunk::start
                        0x2007'0b70    0x4  Data  Lc  xgetmemchunk.o [2]
__data_memzero          0x2007'0a29   0x12  Code  Gb  xxmemxmemzero.o [2]
__exit                  0x2007'0afd   0x14  Code  Gb  exit.o [4]
__iar_copy_init3        0x2007'0a3b   0x2e  Code  Gb  copy_init3.o [3]
__iar_data_init3        0x2007'0ac5   0x28  Code  Gb  data_init.o [3]
__iar_program_start     0x2007'0a99         Code  Gb  cstartup.o [1]
__low_level_init        0x2007'0a69   0x20  Code  Gb  startup_sam3x.o [1]
__region_NFC_RAM_end__ {Abs}
                        0x2010'0fff         Data  Gb  <internal module>
__region_NFC_RAM_start__ {Abs}
                        0x2010'0000         Data  Gb  <internal module>
__region_RAM0_end__ {Abs}
                        0x2000'ffff         Data  Gb  <internal module>
__region_RAM0_size__ {Abs}
                           0x1'0000         Data  Gb  <internal module>
__region_RAM0_start__ {Abs}
                        0x2000'0000         Data  Gb  <internal module>
__region_RAM1_end__ {Abs}
                        0x2008'7fff         Data  Gb  <internal module>
__region_RAM1_size__ {Abs}
                             0x8000         Data  Gb  <internal module>
__region_RAM1_start__ {Abs}
                        0x2008'0000         Data  Gb  <internal module>
__region_RAM_end__ {Abs}
                        0x2008'7fff         Data  Gb  <internal module>
__region_RAM_size__ {Abs}
                           0x1'8000         Data  Gb  <internal module>
__region_RAM_start__ {Abs}
                        0x2007'0000         Data  Gb  <internal module>
__vector_table          0x2007'0000   0xf4  Data  Gb  startup_sam3x.o [1]
_call_main              0x2007'0ab1         Code  Gb  cmain.o [3]
_exit                   0x2007'0af1         Code  Gb  cexit.o [3]
_main                   0x2007'0abb         Code  Gb  cmain.o [3]
addTaskToList           0x2007'02f9   0x7c  Code  Gb  main.o [1]
allocSafe               0x2007'0153   0x28  Code  Gb  main.o [1]
compare_listobj         0x2007'0375   0x18  Code  Gb  main.o [1]
create_listobj          0x2007'038d   0x20  Code  Gb  main.o [1]
create_task             0x2007'01ff   0x7c  Code  Gb  main.o [1]
create_task_list        0x2007'02e7   0x12  Code  Gb  main.o [1]
exit                    0x2007'0aed    0x4  Code  Gb  exit.o [2]
free                    0x2007'0959    0x4  Code  Gb  heaptramp0.o [2]
g0                      0x2007'0b60    0x4  Data  Gb  main.o [1]
g1                      0x2007'0b64    0x4  Data  Gb  main.o [1]
g2                      0x2007'0b68    0x4  Data  Gb  main.o [1]
g3                      0x2007'0b2c    0x4  Data  Gb  main.o [1]
high_deadline           0x2007'0b34    0x4  Data  Gb  main.o [1]
idleTask                0x2007'01fd    0x2  Code  Gb  main.o [1]
init_kernel             0x2007'019d   0x5e  Code  Gb  main.o [1]
isr_off                 0x2007'07e3         Code  Gb  context_switching_functions_march_2019.o [1]
isr_on                  0x2007'07d9         Code  Gb  context_switching_functions_march_2019.o [1]
kernelMode              0x2007'0b44    0x4  Data  Gb  main.o [1]
low_deadline            0x2007'0b30    0x4  Data  Gb  main.o [1]
main                    0x2007'048f  0x13e  Code  Gb  main.o [1]
memCounter              0x2007'0b40    0x4  Data  Gb  main.o [1]
memoryFree              0x2007'017b   0x22  Code  Gb  main.o [1]
removeTask              0x2007'03ad   0x5a  Code  Gb  main.o [1]
run                     0x2007'02a5   0x26  Code  Gb  main.o [1]
set_ticks               0x2007'02d7    0x8  Code  Gb  main.o [1]
switch_to_stack_of_next_task
                        0x2007'07c5         Code  Gb  context_switching_functions_march_2019.o [1]
task_body_1             0x2007'0407    0x8  Code  Gb  main.o [1]
task_body_2             0x2007'040f   0x74  Code  Gb  main.o [1]
task_body_2::count_recursive_calls
                        0x2007'0b6c    0x4  Data  Lc  main.o [1]
task_body_2::recursion_depth_left
                        0x2007'0b38    0x4  Data  Lc  main.o [1]
task_body_3             0x2007'0483    0xc  Code  Gb  main.o [1]
terminate               0x2007'027b   0x2a  Code  Gb  main.o [1]
tickCounter             0x2007'0b48    0x4  Data  Gb  main.o [1]
ticks                   0x2007'02df    0x8  Code  Gb  main.o [1]


[1] = C:\Users\Johan\OneDrive\Skrivbord\Projekt OS\Debug\Obj
[2] = dl7M_tln.a
[3] = rt7M_tl.a
[4] = shb_l.a

   2'588 bytes of readonly  code memory
     344 bytes of readonly  data memory
  10'320 bytes of readwrite data memory

Errors: none
Warnings: none
