###############################################################################
#
# IAR ELF Linker V8.50.9.278/W32 for ARM                  12/Feb/2021  12:14:21
# Copyright 2007-2020 IAR Systems AB.
#
#    Output file  =
#        C:\Users\Johan\OneDrive\Skrivbord\Projekt
#        OS\Debug\Exe\Gr22ProjectOS.out
#    Map file     =
#        C:\Users\Johan\OneDrive\Skrivbord\Projekt
#        OS\Debug\List\Gr22ProjectOS.map
#    Command line =
#        -f C:\Users\Johan\AppData\Local\Temp\EW6762.tmp
#        ("C:\Users\Johan\OneDrive\Skrivbord\Projekt
#        OS\Debug\Obj\context_switching_functions_march_2019.o"
#        "C:\Users\Johan\OneDrive\Skrivbord\Projekt OS\Debug\Obj\cstartup.o"
#        "C:\Users\Johan\OneDrive\Skrivbord\Projekt OS\Debug\Obj\exceptions.o"
#        "C:\Users\Johan\OneDrive\Skrivbord\Projekt OS\Debug\Obj\main.o"
#        "C:\Users\Johan\OneDrive\Skrivbord\Projekt
#        OS\Debug\Obj\startup_sam3x.o"
#        "C:\Users\Johan\OneDrive\Skrivbord\Projekt
#        OS\Debug\Obj\system_sam3x.o" --no_out_extension -o
#        "C:\Users\Johan\OneDrive\Skrivbord\Projekt
#        OS\Debug\Exe\Gr22ProjectOS.out" --redirect _Printf=_PrintfFullNoMb
#        --redirect _Scanf=_ScanfFullNoMb --map
#        "C:\Users\Johan\OneDrive\Skrivbord\Projekt
#        OS\Debug\List\Gr22ProjectOS.map" --config
#        "C:\Users\Johan\OneDrive\Skrivbord\Projekt OS\sam3x8-sram_BigHeap.icf"
#        --semihosting --entry __iar_program_start --vfe --text_out locale
#        --advanced_heap)
#
###############################################################################

*******************************************************************************
*** RUNTIME MODEL ATTRIBUTES
***

CppFlavor       = *
__Heap_Handler  = DLMalloc
__SystemLibrary = DLib
__dlib_version  = 6


*******************************************************************************
*** HEAP SELECTION
***

The advanced heap was selected because of --advanced_heap.


*******************************************************************************
*** PLACEMENT SUMMARY
***

"A0":  place at address 0x2007'0000 { ro section .intvec };
"P1":  place in [from 0x2007'0000 to 0x2008'7fff] { ro };
define block CSTACK with size = 2K, alignment = 8 { };
define block HEAP with size = 16K, alignment = 8 { };
"P2":  place in [from 0x2007'0000 to 0x2008'7fff] {
          rw, block CSTACK, block HEAP };
initialize by copy with packing = copy, complex ranges { rw };

  Section            Kind         Address    Size  Object
  -------            ----         -------    ----  ------
"A0":                                        0xf4
  .intvec                     0x2007'0000    0xf4  <Block>
    .intvec          const    0x2007'0000    0xf4  startup_sam3x.o [1]
                            - 0x2007'00f4    0xf4

"P1-P2", part 1 of 3:                      0x2058
  .text              ro code  0x2007'00f4  0x1504  dlmalloc.o [2]
  .text              ro code  0x2007'15f8     0x6  abort.o [2]
  .text              ro code  0x2007'15fe    0x3a  zero_init3.o [3]
  .text              ro code  0x2007'1638    0x2c  xgetmemchunk.o [2]
  .text              ro code  0x2007'1664     0x6  ABImemclr.o [3]
  .text              ro code  0x2007'166a    0x2e  copy_init3.o [3]
  .text              ro code  0x2007'1698    0x14  exit.o [4]
  .text              ro code  0x2007'16ac    0x5e  ABImemset.o [3]
  .text              ro code  0x2007'170a     0x2  exceptions.o [1]
  .text              ro code  0x2007'170c   0x658  main.o [1]
  .text              ro code  0x2007'1d64   0x1c8  context_switching_functions_march_2019.o [1]
  .text              ro code  0x2007'1f2c    0xa6  ABImemcpy.o [3]
  .text              ro code  0x2007'1fd4    0xa0  system_sam3x.o [1]
  .text              ro code  0x2007'2074    0x30  startup_sam3x.o [1]
  .text              ro code  0x2007'20a4     0xc  cstartup.o [1]
  .text              ro code  0x2007'20b0    0x1e  cmain.o [3]
  .text              ro code  0x2007'20d0    0x28  data_init.o [3]
  .text              ro code  0x2007'20f8     0x4  exit.o [2]
  .text              ro code  0x2007'20fc     0xa  cexit.o [3]
  .iar.init_table    const    0x2007'2108    0x24  - Linker created -
  .rodata            const    0x2007'212c     0x0  zero_init3.o [3]
  .rodata            const    0x2007'212c     0x0  copy_init3.o [3]
  P1-P2 s0                    0x2007'212c    0x10  <Init block>
    .data            inited   0x2007'212c     0x4  main.o [1]
    .data            inited   0x2007'2130     0x4  main.o [1]
    .data            inited   0x2007'2134     0x4  main.o [1]
    .data            inited   0x2007'2138     0x4  system_sam3x.o [1]
  Initializer bytes  const    0x2007'213c    0x10  <for P1-P2 s0>
                            - 0x2007'214c  0x2058

"P1-P2", part 2 of 3:                       0x228
  .bss               zero     0x2007'214c   0x1d8  dlmalloc.o [2]
  .bss               zero     0x2007'2324    0x18  dlmalloc.o [2]
  .bss               zero     0x2007'233c     0x4  main.o [1]
  .bss               zero     0x2007'2340     0x4  main.o [1]
  .bss               zero     0x2007'2344     0x4  main.o [1]
  .bss               zero     0x2007'2348     0x4  main.o [1]
  .bss               zero     0x2007'234c     0x4  main.o [1]
  .bss               zero     0x2007'2350     0x4  main.o [1]
  .bss               zero     0x2007'2354     0x4  main.o [1]
  .bss               zero     0x2007'2358     0x4  main.o [1]
  .bss               zero     0x2007'235c     0x4  main.o [1]
  .bss               zero     0x2007'2360     0x4  main.o [1]
  .bss               zero     0x2007'2364     0x4  main.o [1]
  .bss               zero     0x2007'2368     0x4  main.o [1]
  .bss               zero     0x2007'236c     0x4  main.o [1]
  .bss               zero     0x2007'2370     0x4  xgetmemchunk.o [2]
                            - 0x2007'2374   0x228

"P1-P2", part 3 of 3:                      0x4800
  CSTACK                      0x2007'2378   0x800  <Block>
    CSTACK           uninit   0x2007'2378   0x800  <Block tail>
  HEAP                        0x2007'2b78  0x4000  <Block>
    HEAP             uninit   0x2007'2b78  0x4000  <Block tail>
                            - 0x2007'6b78  0x4800

Unused ranges:

         From           To      Size
         ----           --      ----
  0x2007'2374  0x2007'2377       0x4
  0x2007'6b78  0x2008'7fff  0x1'1488


*******************************************************************************
*** INIT TABLE
***

          Address      Size
          -------      ----
Zero (__iar_zero_init3)
    1 destination range, total size 0x228:
          0x2007'214c  0x228

Copy (__iar_copy_init3)
    1 source range, total size 0x10:
          0x2007'213c   0x10
    1 destination range, total size 0x10:
          0x2007'212c   0x10



*******************************************************************************
*** MODULE SUMMARY
***

    Module                                    ro code  ro data  rw data
    ------                                    -------  -------  -------
command line/config:
    -------------------------------------------------------------------
    Total:

C:\Users\Johan\OneDrive\Skrivbord\Projekt OS\Debug\Obj: [1]
    context_switching_functions_march_2019.o      456
    cstartup.o                                     12
    exceptions.o                                    2
    main.o                                      1'624       12       64
    startup_sam3x.o                                48      244
    system_sam3x.o                                160        4        4
    -------------------------------------------------------------------
    Total:                                      2'302      260       68

dl7M_tln.a: [2]
    abort.o                                         6
    dlmalloc.o                                  5'380               496
    exit.o                                          4
    xgetmemchunk.o                                 44                 4
    -------------------------------------------------------------------
    Total:                                      5'434               500

rt7M_tl.a: [3]
    ABImemclr.o                                     6
    ABImemcpy.o                                   166
    ABImemset.o                                    94
    cexit.o                                        10
    cmain.o                                        30
    copy_init3.o                                   46
    data_init.o                                    40
    zero_init3.o                                   58
    -------------------------------------------------------------------
    Total:                                        450

shb_l.a: [4]
    exit.o                                         20
    -------------------------------------------------------------------
    Total:                                         20

    Gaps                                            4        2
    Linker created                                          36   18'432
-----------------------------------------------------------------------
    Grand Total:                                8'210      298   19'000


*******************************************************************************
*** ENTRY LIST
***

Entry                       Address   Size  Type      Object
-----                       -------   ----  ----      ------
.iar.init_table$$Base   0x2007'2108          --   Gb  - Linker created -
.iar.init_table$$Limit  0x2007'212c          --   Gb  - Linker created -
.intvec$$Base           0x2007'0000          --   Gb  - Linker created -
.intvec$$Limit          0x2007'00f4          --   Gb  - Linker created -
?main                   0x2007'20b1         Code  Gb  cmain.o [3]
ADC_Handler             0x2007'170b    0x2  Code  Wk  exceptions.o [1]
BusFault_Handler        0x2007'170b    0x2  Code  Wk  exceptions.o [1]
CAN0_Handler            0x2007'170b    0x2  Code  Wk  exceptions.o [1]
CAN1_Handler            0x2007'170b    0x2  Code  Wk  exceptions.o [1]
CSTACK$$Base            0x2007'2378          --   Gb  - Linker created -
CSTACK$$Limit           0x2007'2b78          --   Gb  - Linker created -
DACC_Handler            0x2007'170b    0x2  Code  Wk  exceptions.o [1]
DMAC_Handler            0x2007'170b    0x2  Code  Wk  exceptions.o [1]
DebugMon_Handler        0x2007'170b    0x2  Code  Wk  exceptions.o [1]
Dummy_Handler           0x2007'170b    0x2  Code  Gb  exceptions.o [1]
EFC0_Handler            0x2007'170b    0x2  Code  Wk  exceptions.o [1]
EFC1_Handler            0x2007'170b    0x2  Code  Wk  exceptions.o [1]
HEAP$$Base              0x2007'2b78          --   Gb  - Linker created -
HEAP$$Limit             0x2007'6b78          --   Gb  - Linker created -
HSMCI_Handler           0x2007'170b    0x2  Code  Wk  exceptions.o [1]
HardFault_Handler       0x2007'170b    0x2  Code  Wk  exceptions.o [1]
LoadContext_In_Run      0x2007'1e8d         Code  Gb  context_switching_functions_march_2019.o [1]
LoadContext_In_Terminate
                        0x2007'1e7f         Code  Gb  context_switching_functions_march_2019.o [1]
MemManage_Handler       0x2007'170b    0x2  Code  Wk  exceptions.o [1]
NMI_Handler             0x2007'170b    0x2  Code  Wk  exceptions.o [1]
NVIC_SetPriority        0x2007'170d   0x28  Code  Lc  main.o [1]
NextTask                0x2007'234c    0x4  Data  Gb  main.o [1]
PIOA_Handler            0x2007'170b    0x2  Code  Wk  exceptions.o [1]
PIOB_Handler            0x2007'170b    0x2  Code  Wk  exceptions.o [1]
PIOC_Handler            0x2007'170b    0x2  Code  Wk  exceptions.o [1]
PIOD_Handler            0x2007'170b    0x2  Code  Wk  exceptions.o [1]
PMC_Handler             0x2007'170b    0x2  Code  Wk  exceptions.o [1]
PWM_Handler             0x2007'170b    0x2  Code  Wk  exceptions.o [1]
PendSV_Handler          0x2007'170b    0x2  Code  Wk  exceptions.o [1]
PreviousTask            0x2007'2348    0x4  Data  Gb  main.o [1]
RSTC_Handler            0x2007'170b    0x2  Code  Wk  exceptions.o [1]
RTC_Handler             0x2007'170b    0x2  Code  Wk  exceptions.o [1]
RTT_Handler             0x2007'170b    0x2  Code  Wk  exceptions.o [1]
ReadyList               0x2007'2354    0x4  Data  Gb  main.o [1]
Region$$Table$$Base     0x2007'2108          --   Gb  - Linker created -
Region$$Table$$Limit    0x2007'212c          --   Gb  - Linker created -
Reset_Handler           0x2007'209d    0x8  Code  Gb  startup_sam3x.o [1]
SPI0_Handler            0x2007'170b    0x2  Code  Wk  exceptions.o [1]
SSC_Handler             0x2007'170b    0x2  Code  Wk  exceptions.o [1]
SUPC_Handler            0x2007'170b    0x2  Code  Wk  exceptions.o [1]
SVC_Handler             0x2007'1db5         Code  Gb  context_switching_functions_march_2019.o [1]
SwitchContext           0x2007'1e71         Code  Gb  context_switching_functions_march_2019.o [1]
SysTick_Config          0x2007'1735   0x36  Code  Lc  main.o [1]
SysTick_Handler         0x2007'1d65         Code  Gb  context_switching_functions_march_2019.o [1]
SystemCoreClock         0x2007'2138    0x4  Data  Gb  system_sam3x.o [1]
SystemInit              0x2007'1fd5   0x70  Code  Gb  system_sam3x.o [1]
TC0_Handler             0x2007'170b    0x2  Code  Wk  exceptions.o [1]
TC1_Handler             0x2007'170b    0x2  Code  Wk  exceptions.o [1]
TC2_Handler             0x2007'170b    0x2  Code  Wk  exceptions.o [1]
TC3_Handler             0x2007'170b    0x2  Code  Wk  exceptions.o [1]
TC4_Handler             0x2007'170b    0x2  Code  Wk  exceptions.o [1]
TC5_Handler             0x2007'170b    0x2  Code  Wk  exceptions.o [1]
TRNG_Handler            0x2007'170b    0x2  Code  Wk  exceptions.o [1]
TWI0_Handler            0x2007'170b    0x2  Code  Wk  exceptions.o [1]
TWI1_Handler            0x2007'170b    0x2  Code  Wk  exceptions.o [1]
TimerInt                0x2007'18e3    0xc  Code  Gb  main.o [1]
TimerList               0x2007'2350    0x4  Data  Gb  main.o [1]
UART_Handler            0x2007'170b    0x2  Code  Wk  exceptions.o [1]
UOTGHS_Handler          0x2007'170b    0x2  Code  Wk  exceptions.o [1]
USART0_Handler          0x2007'170b    0x2  Code  Wk  exceptions.o [1]
USART1_Handler          0x2007'170b    0x2  Code  Wk  exceptions.o [1]
USART2_Handler          0x2007'170b    0x2  Code  Wk  exceptions.o [1]
UsageFault_Handler      0x2007'170b    0x2  Code  Wk  exceptions.o [1]
WDT_Handler             0x2007'170b    0x2  Code  Wk  exceptions.o [1]
WaitingList             0x2007'2358    0x4  Data  Gb  main.o [1]
__aeabi_memclr          0x2007'1665         Code  Gb  ABImemclr.o [3]
__aeabi_memcpy          0x2007'1f2d         Code  Gb  ABImemcpy.o [3]
__aeabi_memcpy4         0x2007'1f4d         Code  Gb  ABImemcpy.o [3]
__aeabi_memcpy8         0x2007'1f4d         Code  Gb  ABImemcpy.o [3]
__cmain                 0x2007'20b1         Code  Gb  cmain.o [3]
__data_GetMemChunk      0x2007'1639   0x2c  Code  Gb  xgetmemchunk.o [2]
__data_GetMemChunk::start
                        0x2007'2370    0x4  Data  Lc  xgetmemchunk.o [2]
__exit                  0x2007'1699   0x14  Code  Gb  exit.o [4]
__iar_Memset_word       0x2007'16ad         Code  Gb  ABImemset.o [3]
__iar_copy_init3        0x2007'166b   0x2e  Code  Gb  copy_init3.o [3]
__iar_data_init3        0x2007'20d1   0x28  Code  Gb  data_init.o [3]
__iar_dlcalloc          0x2007'15b5   0x3e  Code  Gb  dlmalloc.o [2]
__iar_dlfree            0x2007'1085  0x52c  Code  Gb  dlmalloc.o [2]
__iar_dlmalloc          0x2007'017d  0xf08  Code  Gb  dlmalloc.o [2]
__iar_program_start     0x2007'20a5         Code  Gb  cstartup.o [1]
__iar_zero_init3        0x2007'15ff   0x3a  Code  Gb  zero_init3.o [3]
__low_level_init        0x2007'2075   0x20  Code  Gb  startup_sam3x.o [1]
__region_NFC_RAM_end__ {Abs}
                        0x2010'0fff         Data  Gb  <internal module>
__region_NFC_RAM_start__ {Abs}
                        0x2010'0000         Data  Gb  <internal module>
__region_RAM0_end__ {Abs}
                        0x2000'ffff         Data  Gb  <internal module>
__region_RAM0_size__ {Abs}
                           0x1'0000         Data  Gb  <internal module>
__region_RAM0_start__ {Abs}
                        0x2000'0000         Data  Gb  <internal module>
__region_RAM1_end__ {Abs}
                        0x2008'7fff         Data  Gb  <internal module>
__region_RAM1_size__ {Abs}
                             0x8000         Data  Gb  <internal module>
__region_RAM1_start__ {Abs}
                        0x2008'0000         Data  Gb  <internal module>
__region_RAM_end__ {Abs}
                        0x2008'7fff         Data  Gb  <internal module>
__region_RAM_size__ {Abs}
                           0x1'8000         Data  Gb  <internal module>
__region_RAM_start__ {Abs}
                        0x2007'0000         Data  Gb  <internal module>
__vector_table          0x2007'0000   0xf4  Data  Gb  startup_sam3x.o [1]
_call_main              0x2007'20bd         Code  Gb  cmain.o [3]
_exit                   0x2007'20fd         Code  Gb  cexit.o [3]
_gm_                    0x2007'214c  0x1d8  Data  Lc  dlmalloc.o [2]
_main                   0x2007'20c7         Code  Gb  cmain.o [3]
abort                   0x2007'15f9    0x6  Code  Gb  abort.o [2]
addTaskToList           0x2007'1911   0x7c  Code  Gb  main.o [1]
allocSafe               0x2007'176b   0x28  Code  Gb  main.o [1]
charMbox                0x2007'2364    0x4  Data  Gb  main.o [1]
compareListObjs         0x2007'198d   0x18  Code  Gb  main.o [1]
createListObj           0x2007'19a5   0x20  Code  Gb  main.o [1]
createTaskList          0x2007'18ff   0x12  Code  Gb  main.o [1]
create_mailbox          0x2007'1a1f   0x1a  Code  Gb  main.o [1]
create_task             0x2007'1817   0x7c  Code  Gb  main.o [1]
exit                    0x2007'20f9    0x4  Code  Gb  exit.o [2]
floatMbox               0x2007'236c    0x4  Data  Gb  main.o [1]
g0                      0x2007'235c    0x4  Data  Gb  main.o [1]
g1                      0x2007'2360    0x4  Data  Gb  main.o [1]
g3                      0x2007'212c    0x4  Data  Gb  main.o [1]
high_deadline           0x2007'2134    0x4  Data  Gb  main.o [1]
idleTask                0x2007'1815    0x2  Code  Gb  main.o [1]
init_kernel             0x2007'17b5   0x5e  Code  Gb  main.o [1]
init_mparams            0x2007'010f   0x2c  Code  Lc  dlmalloc.o [2]
init_top                0x2007'013b   0x34  Code  Lc  dlmalloc.o [2]
intMbox                 0x2007'2368    0x4  Data  Gb  main.o [1]
isr_off                 0x2007'1f0f         Code  Gb  context_switching_functions_march_2019.o [1]
isr_on                  0x2007'1f05         Code  Gb  context_switching_functions_march_2019.o [1]
kernelMode              0x2007'2340    0x4  Data  Gb  main.o [1]
labTwoTest              0x2007'1bfd   0xdc  Code  Gb  main.o [1]
low_deadline            0x2007'2130    0x4  Data  Gb  main.o [1]
main                    0x2007'1cd9   0x1c  Code  Gb  main.o [1]
memCounter              0x2007'233c    0x4  Data  Gb  main.o [1]
memoryFree              0x2007'1793   0x22  Code  Gb  main.o [1]
mparams                 0x2007'2324   0x18  Data  Lc  dlmalloc.o [2]
receive_no_wait         0x2007'1a93    0x2  Code  Gb  main.o [1]
receive_wait            0x2007'1a8f    0x2  Code  Gb  main.o [1]
removeTask              0x2007'19c5   0x5a  Code  Gb  main.o [1]
run                     0x2007'18bd   0x26  Code  Gb  main.o [1]
segment_holding         0x2007'00f5   0x1a  Code  Lc  dlmalloc.o [2]
send_no_wait            0x2007'1a91    0x2  Code  Gb  main.o [1]
send_wait               0x2007'1a39   0x56  Code  Gb  main.o [1]
set_ticks               0x2007'18ef    0x8  Code  Gb  main.o [1]
switch_to_stack_of_next_task
                        0x2007'1ef1         Code  Gb  context_switching_functions_march_2019.o [1]
task_body_1             0x2007'1a95  0x120  Code  Gb  main.o [1]
task_body_2             0x2007'1bb5   0x30  Code  Gb  main.o [1]
task_body_3             0x2007'1be5   0x18  Code  Gb  main.o [1]
terminate               0x2007'1893   0x2a  Code  Gb  main.o [1]
tickCounter             0x2007'2344    0x4  Data  Gb  main.o [1]
ticks                   0x2007'18f7    0x8  Code  Gb  main.o [1]


[1] = C:\Users\Johan\OneDrive\Skrivbord\Projekt OS\Debug\Obj
[2] = dl7M_tln.a
[3] = rt7M_tl.a
[4] = shb_l.a

   8'210 bytes of readonly  code memory
     298 bytes of readonly  data memory
  19'000 bytes of readwrite data memory

Errors: none
Warnings: none
