###############################################################################
#
# IAR ELF Linker V8.50.9.278/W32 for ARM                  12/Feb/2021  16:25:36
# Copyright 2007-2020 IAR Systems AB.
#
#    Output file  =
#        C:\Users\Johan\OneDrive\Skrivbord\Projekt
#        OS\Debug\Exe\Gr22ProjectOS.out
#    Map file     =
#        C:\Users\Johan\OneDrive\Skrivbord\Projekt
#        OS\Debug\List\Gr22ProjectOS.map
#    Command line =
#        -f C:\Users\Johan\AppData\Local\Temp\EW6970.tmp
#        ("C:\Users\Johan\OneDrive\Skrivbord\Projekt
#        OS\Debug\Obj\context_switching_functions_march_2019.o"
#        "C:\Users\Johan\OneDrive\Skrivbord\Projekt OS\Debug\Obj\cstartup.o"
#        "C:\Users\Johan\OneDrive\Skrivbord\Projekt OS\Debug\Obj\exceptions.o"
#        "C:\Users\Johan\OneDrive\Skrivbord\Projekt OS\Debug\Obj\main.o"
#        "C:\Users\Johan\OneDrive\Skrivbord\Projekt
#        OS\Debug\Obj\startup_sam3x.o"
#        "C:\Users\Johan\OneDrive\Skrivbord\Projekt
#        OS\Debug\Obj\system_sam3x.o" --no_out_extension -o
#        "C:\Users\Johan\OneDrive\Skrivbord\Projekt
#        OS\Debug\Exe\Gr22ProjectOS.out" --redirect _Printf=_PrintfFullNoMb
#        --redirect _Scanf=_ScanfFullNoMb --map
#        "C:\Users\Johan\OneDrive\Skrivbord\Projekt
#        OS\Debug\List\Gr22ProjectOS.map" --config
#        "C:\Users\Johan\OneDrive\Skrivbord\Projekt OS\sam3x8-sram_BigHeap.icf"
#        --semihosting --entry __iar_program_start --vfe --text_out locale
#        --advanced_heap)
#
###############################################################################

*******************************************************************************
*** RUNTIME MODEL ATTRIBUTES
***

CppFlavor       = *
__Heap_Handler  = DLMalloc
__SystemLibrary = DLib
__dlib_version  = 6


*******************************************************************************
*** HEAP SELECTION
***

The advanced heap was selected because of --advanced_heap.


*******************************************************************************
*** PLACEMENT SUMMARY
***

"A0":  place at address 0x2007'0000 { ro section .intvec };
"P1":  place in [from 0x2007'0000 to 0x2008'7fff] { ro };
define block CSTACK with size = 2K, alignment = 8 { };
define block HEAP with size = 16K, alignment = 8 { };
"P2":  place in [from 0x2007'0000 to 0x2008'7fff] {
          rw, block CSTACK, block HEAP };
initialize by copy with packing = copy, complex ranges { rw };

  Section            Kind         Address    Size  Object
  -------            ----         -------    ----  ------
"A0":                                        0xf4
  .intvec                     0x2007'0000    0xf4  <Block>
    .intvec          const    0x2007'0000    0xf4  startup_sam3x.o [1]
                            - 0x2007'00f4    0xf4

"P1-P2", part 1 of 3:                      0x1f80
  .text              ro code  0x2007'00f4  0x1504  dlmalloc.o [2]
  .text              ro code  0x2007'15f8     0x6  abort.o [2]
  .text              ro code  0x2007'15fe    0x3a  zero_init3.o [3]
  .text              ro code  0x2007'1638    0x2c  xgetmemchunk.o [2]
  .text              ro code  0x2007'1664     0x6  ABImemclr.o [3]
  .text              ro code  0x2007'166a    0x2e  copy_init3.o [3]
  .text              ro code  0x2007'1698    0x14  exit.o [4]
  .text              ro code  0x2007'16ac    0x5e  ABImemset.o [3]
  .text              ro code  0x2007'170a     0x2  exceptions.o [1]
  .text              ro code  0x2007'170c   0x628  main.o [1]
  .text              ro code  0x2007'1d34   0x1c8  context_switching_functions_march_2019.o [1]
  .text              ro code  0x2007'1efc    0xa0  system_sam3x.o [1]
  .text              ro code  0x2007'1f9c    0x30  startup_sam3x.o [1]
  .text              ro code  0x2007'1fcc     0xc  cstartup.o [1]
  .text              ro code  0x2007'1fd8    0x1e  cmain.o [3]
  .text              ro code  0x2007'1ff8    0x28  data_init.o [3]
  .text              ro code  0x2007'2020     0x4  exit.o [2]
  .text              ro code  0x2007'2024     0xa  cexit.o [3]
  .iar.init_table    const    0x2007'2030    0x24  - Linker created -
  .rodata            const    0x2007'2054     0x0  zero_init3.o [3]
  .rodata            const    0x2007'2054     0x0  copy_init3.o [3]
  P1-P2 s0                    0x2007'2054    0x10  <Init block>
    .data            inited   0x2007'2054     0x4  main.o [1]
    .data            inited   0x2007'2058     0x4  main.o [1]
    .data            inited   0x2007'205c     0x4  main.o [1]
    .data            inited   0x2007'2060     0x4  system_sam3x.o [1]
  Initializer bytes  const    0x2007'2064    0x10  <for P1-P2 s0>
                            - 0x2007'2074  0x1f80

"P1-P2", part 2 of 3:                       0x228
  .bss               zero     0x2007'2074   0x1d8  dlmalloc.o [2]
  .bss               zero     0x2007'224c    0x18  dlmalloc.o [2]
  .bss               zero     0x2007'2264     0x4  main.o [1]
  .bss               zero     0x2007'2268     0x4  main.o [1]
  .bss               zero     0x2007'226c     0x4  main.o [1]
  .bss               zero     0x2007'2270     0x4  main.o [1]
  .bss               zero     0x2007'2274     0x4  main.o [1]
  .bss               zero     0x2007'2278     0x4  main.o [1]
  .bss               zero     0x2007'227c     0x4  main.o [1]
  .bss               zero     0x2007'2280     0x4  main.o [1]
  .bss               zero     0x2007'2284     0x4  main.o [1]
  .bss               zero     0x2007'2288     0x4  main.o [1]
  .bss               zero     0x2007'228c     0x4  main.o [1]
  .bss               zero     0x2007'2290     0x4  main.o [1]
  .bss               zero     0x2007'2294     0x4  main.o [1]
  .bss               zero     0x2007'2298     0x4  xgetmemchunk.o [2]
                            - 0x2007'229c   0x228

"P1-P2", part 3 of 3:                      0x4800
  CSTACK                      0x2007'22a0   0x800  <Block>
    CSTACK           uninit   0x2007'22a0   0x800  <Block tail>
  HEAP                        0x2007'2aa0  0x4000  <Block>
    HEAP             uninit   0x2007'2aa0  0x4000  <Block tail>
                            - 0x2007'6aa0  0x4800

Unused ranges:

         From           To      Size
         ----           --      ----
  0x2007'229c  0x2007'229f       0x4
  0x2007'6aa0  0x2008'7fff  0x1'1560


*******************************************************************************
*** INIT TABLE
***

          Address      Size
          -------      ----
Zero (__iar_zero_init3)
    1 destination range, total size 0x228:
          0x2007'2074  0x228

Copy (__iar_copy_init3)
    1 source range, total size 0x10:
          0x2007'2064   0x10
    1 destination range, total size 0x10:
          0x2007'2054   0x10



*******************************************************************************
*** MODULE SUMMARY
***

    Module                                    ro code  ro data  rw data
    ------                                    -------  -------  -------
command line/config:
    -------------------------------------------------------------------
    Total:

C:\Users\Johan\OneDrive\Skrivbord\Projekt OS\Debug\Obj: [1]
    context_switching_functions_march_2019.o      456
    cstartup.o                                     12
    exceptions.o                                    2
    main.o                                      1'576       12       64
    startup_sam3x.o                                48      244
    system_sam3x.o                                160        4        4
    -------------------------------------------------------------------
    Total:                                      2'254      260       68

dl7M_tln.a: [2]
    abort.o                                         6
    dlmalloc.o                                  5'380               496
    exit.o                                          4
    xgetmemchunk.o                                 44                 4
    -------------------------------------------------------------------
    Total:                                      5'434               500

rt7M_tl.a: [3]
    ABImemclr.o                                     6
    ABImemset.o                                    94
    cexit.o                                        10
    cmain.o                                        30
    copy_init3.o                                   46
    data_init.o                                    40
    zero_init3.o                                   58
    -------------------------------------------------------------------
    Total:                                        284

shb_l.a: [4]
    exit.o                                         20
    -------------------------------------------------------------------
    Total:                                         20

    Gaps                                            2        2
    Linker created                                          36   18'432
-----------------------------------------------------------------------
    Grand Total:                                7'994      298   19'000


*******************************************************************************
*** ENTRY LIST
***

Entry                       Address   Size  Type      Object
-----                       -------   ----  ----      ------
.iar.init_table$$Base   0x2007'2030          --   Gb  - Linker created -
.iar.init_table$$Limit  0x2007'2054          --   Gb  - Linker created -
.intvec$$Base           0x2007'0000          --   Gb  - Linker created -
.intvec$$Limit          0x2007'00f4          --   Gb  - Linker created -
?main                   0x2007'1fd9         Code  Gb  cmain.o [3]
ADC_Handler             0x2007'170b    0x2  Code  Wk  exceptions.o [1]
BusFault_Handler        0x2007'170b    0x2  Code  Wk  exceptions.o [1]
CAN0_Handler            0x2007'170b    0x2  Code  Wk  exceptions.o [1]
CAN1_Handler            0x2007'170b    0x2  Code  Wk  exceptions.o [1]
CSTACK$$Base            0x2007'22a0          --   Gb  - Linker created -
CSTACK$$Limit           0x2007'2aa0          --   Gb  - Linker created -
DACC_Handler            0x2007'170b    0x2  Code  Wk  exceptions.o [1]
DMAC_Handler            0x2007'170b    0x2  Code  Wk  exceptions.o [1]
DebugMon_Handler        0x2007'170b    0x2  Code  Wk  exceptions.o [1]
Dummy_Handler           0x2007'170b    0x2  Code  Gb  exceptions.o [1]
EFC0_Handler            0x2007'170b    0x2  Code  Wk  exceptions.o [1]
EFC1_Handler            0x2007'170b    0x2  Code  Wk  exceptions.o [1]
HEAP$$Base              0x2007'2aa0          --   Gb  - Linker created -
HEAP$$Limit             0x2007'6aa0          --   Gb  - Linker created -
HSMCI_Handler           0x2007'170b    0x2  Code  Wk  exceptions.o [1]
HardFault_Handler       0x2007'170b    0x2  Code  Wk  exceptions.o [1]
LoadContext_In_Run      0x2007'1e5d         Code  Gb  context_switching_functions_march_2019.o [1]
LoadContext_In_Terminate
                        0x2007'1e4f         Code  Gb  context_switching_functions_march_2019.o [1]
MemManage_Handler       0x2007'170b    0x2  Code  Wk  exceptions.o [1]
NMI_Handler             0x2007'170b    0x2  Code  Wk  exceptions.o [1]
NVIC_SetPriority        0x2007'170d   0x28  Code  Lc  main.o [1]
NextTask                0x2007'2274    0x4  Data  Gb  main.o [1]
PIOA_Handler            0x2007'170b    0x2  Code  Wk  exceptions.o [1]
PIOB_Handler            0x2007'170b    0x2  Code  Wk  exceptions.o [1]
PIOC_Handler            0x2007'170b    0x2  Code  Wk  exceptions.o [1]
PIOD_Handler            0x2007'170b    0x2  Code  Wk  exceptions.o [1]
PMC_Handler             0x2007'170b    0x2  Code  Wk  exceptions.o [1]
PWM_Handler             0x2007'170b    0x2  Code  Wk  exceptions.o [1]
PendSV_Handler          0x2007'170b    0x2  Code  Wk  exceptions.o [1]
PreviousTask            0x2007'2270    0x4  Data  Gb  main.o [1]
RSTC_Handler            0x2007'170b    0x2  Code  Wk  exceptions.o [1]
RTC_Handler             0x2007'170b    0x2  Code  Wk  exceptions.o [1]
RTT_Handler             0x2007'170b    0x2  Code  Wk  exceptions.o [1]
ReadyList               0x2007'227c    0x4  Data  Gb  main.o [1]
Region$$Table$$Base     0x2007'2030          --   Gb  - Linker created -
Region$$Table$$Limit    0x2007'2054          --   Gb  - Linker created -
Reset_Handler           0x2007'1fc5    0x8  Code  Gb  startup_sam3x.o [1]
SPI0_Handler            0x2007'170b    0x2  Code  Wk  exceptions.o [1]
SSC_Handler             0x2007'170b    0x2  Code  Wk  exceptions.o [1]
SUPC_Handler            0x2007'170b    0x2  Code  Wk  exceptions.o [1]
SVC_Handler             0x2007'1d85         Code  Gb  context_switching_functions_march_2019.o [1]
SwitchContext           0x2007'1e41         Code  Gb  context_switching_functions_march_2019.o [1]
SysTick_Config          0x2007'1735   0x36  Code  Lc  main.o [1]
SysTick_Handler         0x2007'1d35         Code  Gb  context_switching_functions_march_2019.o [1]
SystemCoreClock         0x2007'2060    0x4  Data  Gb  system_sam3x.o [1]
SystemInit              0x2007'1efd   0x70  Code  Gb  system_sam3x.o [1]
TC0_Handler             0x2007'170b    0x2  Code  Wk  exceptions.o [1]
TC1_Handler             0x2007'170b    0x2  Code  Wk  exceptions.o [1]
TC2_Handler             0x2007'170b    0x2  Code  Wk  exceptions.o [1]
TC3_Handler             0x2007'170b    0x2  Code  Wk  exceptions.o [1]
TC4_Handler             0x2007'170b    0x2  Code  Wk  exceptions.o [1]
TC5_Handler             0x2007'170b    0x2  Code  Wk  exceptions.o [1]
TRNG_Handler            0x2007'170b    0x2  Code  Wk  exceptions.o [1]
TWI0_Handler            0x2007'170b    0x2  Code  Wk  exceptions.o [1]
TWI1_Handler            0x2007'170b    0x2  Code  Wk  exceptions.o [1]
TimerInt                0x2007'18e3    0xc  Code  Gb  main.o [1]
TimerList               0x2007'2278    0x4  Data  Gb  main.o [1]
UART_Handler            0x2007'170b    0x2  Code  Wk  exceptions.o [1]
UOTGHS_Handler          0x2007'170b    0x2  Code  Wk  exceptions.o [1]
USART0_Handler          0x2007'170b    0x2  Code  Wk  exceptions.o [1]
USART1_Handler          0x2007'170b    0x2  Code  Wk  exceptions.o [1]
USART2_Handler          0x2007'170b    0x2  Code  Wk  exceptions.o [1]
UsageFault_Handler      0x2007'170b    0x2  Code  Wk  exceptions.o [1]
WDT_Handler             0x2007'170b    0x2  Code  Wk  exceptions.o [1]
WaitingList             0x2007'2280    0x4  Data  Gb  main.o [1]
__aeabi_memclr          0x2007'1665         Code  Gb  ABImemclr.o [3]
__cmain                 0x2007'1fd9         Code  Gb  cmain.o [3]
__data_GetMemChunk      0x2007'1639   0x2c  Code  Gb  xgetmemchunk.o [2]
__data_GetMemChunk::start
                        0x2007'2298    0x4  Data  Lc  xgetmemchunk.o [2]
__exit                  0x2007'1699   0x14  Code  Gb  exit.o [4]
__iar_Memset_word       0x2007'16ad         Code  Gb  ABImemset.o [3]
__iar_copy_init3        0x2007'166b   0x2e  Code  Gb  copy_init3.o [3]
__iar_data_init3        0x2007'1ff9   0x28  Code  Gb  data_init.o [3]
__iar_dlcalloc          0x2007'15b5   0x3e  Code  Gb  dlmalloc.o [2]
__iar_dlfree            0x2007'1085  0x52c  Code  Gb  dlmalloc.o [2]
__iar_dlmalloc          0x2007'017d  0xf08  Code  Gb  dlmalloc.o [2]
__iar_program_start     0x2007'1fcd         Code  Gb  cstartup.o [1]
__iar_zero_init3        0x2007'15ff   0x3a  Code  Gb  zero_init3.o [3]
__low_level_init        0x2007'1f9d   0x20  Code  Gb  startup_sam3x.o [1]
__region_NFC_RAM_end__ {Abs}
                        0x2010'0fff         Data  Gb  <internal module>
__region_NFC_RAM_start__ {Abs}
                        0x2010'0000         Data  Gb  <internal module>
__region_RAM0_end__ {Abs}
                        0x2000'ffff         Data  Gb  <internal module>
__region_RAM0_size__ {Abs}
                           0x1'0000         Data  Gb  <internal module>
__region_RAM0_start__ {Abs}
                        0x2000'0000         Data  Gb  <internal module>
__region_RAM1_end__ {Abs}
                        0x2008'7fff         Data  Gb  <internal module>
__region_RAM1_size__ {Abs}
                             0x8000         Data  Gb  <internal module>
__region_RAM1_start__ {Abs}
                        0x2008'0000         Data  Gb  <internal module>
__region_RAM_end__ {Abs}
                        0x2008'7fff         Data  Gb  <internal module>
__region_RAM_size__ {Abs}
                           0x1'8000         Data  Gb  <internal module>
__region_RAM_start__ {Abs}
                        0x2007'0000         Data  Gb  <internal module>
__vector_table          0x2007'0000   0xf4  Data  Gb  startup_sam3x.o [1]
_call_main              0x2007'1fe5         Code  Gb  cmain.o [3]
_exit                   0x2007'2025         Code  Gb  cexit.o [3]
_gm_                    0x2007'2074  0x1d8  Data  Lc  dlmalloc.o [2]
_main                   0x2007'1fef         Code  Gb  cmain.o [3]
abort                   0x2007'15f9    0x6  Code  Gb  abort.o [2]
addTaskToList           0x2007'1911   0x7c  Code  Gb  main.o [1]
allocSafe               0x2007'176b   0x28  Code  Gb  main.o [1]
charMbox                0x2007'228c    0x4  Data  Gb  main.o [1]
compareListObjs         0x2007'198d   0x18  Code  Gb  main.o [1]
createListObj           0x2007'19a5   0x20  Code  Gb  main.o [1]
createTaskList          0x2007'18ff   0x12  Code  Gb  main.o [1]
create_mailbox          0x2007'1a1f   0x1a  Code  Gb  main.o [1]
create_task             0x2007'1817   0x7c  Code  Gb  main.o [1]
exit                    0x2007'2021    0x4  Code  Gb  exit.o [2]
floatMbox               0x2007'2294    0x4  Data  Gb  main.o [1]
g0                      0x2007'2284    0x4  Data  Gb  main.o [1]
g1                      0x2007'2288    0x4  Data  Gb  main.o [1]
g3                      0x2007'2054    0x4  Data  Gb  main.o [1]
high_deadline           0x2007'205c    0x4  Data  Gb  main.o [1]
idleTask                0x2007'1815    0x2  Code  Gb  main.o [1]
init_kernel             0x2007'17b5   0x5e  Code  Gb  main.o [1]
init_mparams            0x2007'010f   0x2c  Code  Lc  dlmalloc.o [2]
init_top                0x2007'013b   0x34  Code  Lc  dlmalloc.o [2]
intMbox                 0x2007'2290    0x4  Data  Gb  main.o [1]
isr_off                 0x2007'1edf         Code  Gb  context_switching_functions_march_2019.o [1]
isr_on                  0x2007'1ed5         Code  Gb  context_switching_functions_march_2019.o [1]
kernelMode              0x2007'2268    0x4  Data  Gb  main.o [1]
labTwoTest              0x2007'1bcf   0xdc  Code  Gb  main.o [1]
low_deadline            0x2007'2058    0x4  Data  Gb  main.o [1]
main                    0x2007'1cab   0x1c  Code  Gb  main.o [1]
memCounter              0x2007'2264    0x4  Data  Gb  main.o [1]
memoryFree              0x2007'1793   0x22  Code  Gb  main.o [1]
mparams                 0x2007'224c   0x18  Data  Lc  dlmalloc.o [2]
receive_no_wait         0x2007'1a63    0x4  Code  Gb  main.o [1]
receive_wait            0x2007'1a5b    0x4  Code  Gb  main.o [1]
removeTask              0x2007'19c5   0x5a  Code  Gb  main.o [1]
run                     0x2007'18bd   0x26  Code  Gb  main.o [1]
segment_holding         0x2007'00f5   0x1a  Code  Lc  dlmalloc.o [2]
send_no_wait            0x2007'1a5f    0x4  Code  Gb  main.o [1]
send_wait               0x2007'1a39   0x22  Code  Gb  main.o [1]
set_ticks               0x2007'18ef    0x8  Code  Gb  main.o [1]
switch_to_stack_of_next_task
                        0x2007'1ec1         Code  Gb  context_switching_functions_march_2019.o [1]
task_body_1             0x2007'1a67  0x120  Code  Gb  main.o [1]
task_body_2             0x2007'1b87   0x30  Code  Gb  main.o [1]
task_body_3             0x2007'1bb7   0x18  Code  Gb  main.o [1]
terminate               0x2007'1893   0x2a  Code  Gb  main.o [1]
tickCounter             0x2007'226c    0x4  Data  Gb  main.o [1]
ticks                   0x2007'18f7    0x8  Code  Gb  main.o [1]


[1] = C:\Users\Johan\OneDrive\Skrivbord\Projekt OS\Debug\Obj
[2] = dl7M_tln.a
[3] = rt7M_tl.a
[4] = shb_l.a

   7'994 bytes of readonly  code memory
     298 bytes of readonly  data memory
  19'000 bytes of readwrite data memory

Errors: none
Warnings: none
